Executing notebook cell 2
setup running
Data source: /Users/admin/Library/CloudStorage/GoogleDrive-2arnavmana@gmail.com/My Drive/Data
Patient-level intermediates: /Users/admin/Library/CloudStorage/GoogleDrive-2arnavmana@gmail.com/My Drive/Data/PhysioGraph_Biological_Discovery_20260905

Executing notebook cell 3

Executing notebook cell 5
eICU cohort running
MIMIC cohort running
dataset     n  patients  encounters
   eicu 11596     10281       11596
  mimic 16659     12772       16659

Executing notebook cell 7
eICU raw lab scan running

Traceback (most recent call last):
  File "/Users/admin/Library/CloudStorage/GoogleDrive-2arnavmana@gmail.com/My Drive/Projects/PhysioGraph/scripts/build_biological_notebook.py", line 363, in <module>
    if __name__=='__main__': main()
                             ^^^^^^
  File "/Users/admin/Library/CloudStorage/GoogleDrive-2arnavmana@gmail.com/My Drive/Projects/PhysioGraph/scripts/build_biological_notebook.py", line 349, in main
    exec(compile(c['source'],f'{TARGET.name}:cell{i}','exec'),namespace)
  File "PhysioGraph_Biological_Discovery.ipynb:cell7", line 3, in <module>
_duckdb.ParserException: Parser Error: syntax error at or near "minute"

LINE 6:  try_cast(l.labresultoffset AS DOUBLE) minute,try_cast(l.labresult AS DOUBLE) value,
                                               ^
