[2026-09-07T16:49:46.989751+00:00] protocol hashes verified; no post-anchor outcome rows loaded
[2026-09-07T16:52:03.928266+00:00] protocol hashes verified; no post-anchor outcome rows loaded
[2026-09-07T17:04:28.401172+00:00] protocol hashes verified; no post-anchor outcome rows loaded
[2026-09-07T17:04:32.003915+00:00] outcome-blind baseline complete: 20725 anchors; known early-window control crossings=0
[2026-09-07T17:04:35.103087+00:00] analysis locked before outcomes: config=a11a70cf73bea83972d726d1fc40a87502457c107734ba26e891805bc9e5572a code=37f53ec5776fe129d3aa842576810431a7573395a6865f9f0fb8e8430766d766
[2026-09-07T17:07:13.528793+00:00] protocol hashes verified; no post-anchor outcome rows loaded
[2026-09-07T17:07:17.509540+00:00] outcome-blind baseline complete: 20725 anchors; known early-window control crossings=0
[2026-09-07T17:07:20.589854+00:00] analysis locked before outcomes: config=42396b3252c00016ac993c3be0a8b5ebf3c882a0b4a8ad858417da0d551d1c60 code=e5e7c43251d7652b52abe8ffdd769db8ef04e94ad7017ea2f1b98e87ee794186
[2026-09-07T17:07:58.756444+00:00] protocol hashes verified; no post-anchor outcome rows loaded
[2026-09-07T17:08:01.627811+00:00] outcome-blind baseline complete: 20725 anchors; known early-window control crossings=0
[2026-09-07T17:08:04.065093+00:00] analysis locked before outcomes: config=42396b3252c00016ac993c3be0a8b5ebf3c882a0b4a8ad858417da0d551d1c60 code=e5e7c43251d7652b52abe8ffdd769db8ef04e94ad7017ea2f1b98e87ee794186
[2026-09-07T17:08:04.091098+00:00] FIRST OUTCOME READ: MIMIC inputevents positive-rate support rows
[2026-09-07T17:08:21.498709+00:00] MIMIC outcome extraction complete: 1591 episodes; prior-support revalidation exclusions=0
[2026-09-07T17:08:21.509453+00:00] LOCKED EXTERNAL CONFIRMATION READ: eICU infusionDrug positive-rate support rows
[2026-09-07T17:08:26.037404+00:00] eICU locked extraction complete: 3338 positive mapped rows; prior-support revalidation exclusions=0
[2026-09-07T17:08:41.764641+00:00] primary delayed-support analysis, falsification, and meta-analysis complete
[2026-09-07T17:08:45.017505+00:00] overlap weighting, measured-lactate, observation-process, and hospital audits complete
[2026-09-07T17:08:45.024020+00:00] secondary stage begins after primary completion: MCS, post-anchor lactate values, mortality
[2026-09-07T17:11:38.815456+00:00] fixed corroborative secondary analyses complete
[2026-09-07T17:11:55.697961+00:00] locked outcome analysis complete: NO_SIGNAL
