Executing notebook cell 27

Executing notebook cell 28
Timeout (0:03:00)!
Thread 0x00007ff84598f180 (most recent call first):
  File "PhysioGraph_Biological_Discovery.ipynb:cell28", line 88 in <module>
  File "/Users/admin/Library/CloudStorage/GoogleDrive-2arnavmana@gmail.com/My Drive/Projects/PhysioGraph/scripts/build_biological_notebook.py", line 1386 in main
  File "/Users/admin/Library/CloudStorage/GoogleDrive-2arnavmana@gmail.com/My Drive/Projects/PhysioGraph/scripts/build_biological_notebook.py", line 1400 in <module>
pre-ICU hemoglobin source extraction running
hemoglobin normalization and endpoint availability running
[
  {
    "dataset": "eicu",
    "passes_minimal_feasibility": true,
    "groups": [
      {
        "exposed": 0,
        "eligible": 7143,
        "pre_icu_hemoglobin": 2445,
        "paired_endpoint_observed": 409.0,
        "result_entered_after_icu_admission": 151.0
      },
      {
        "exposed": 1,
        "eligible": 4309,
        "pre_icu_hemoglobin": 1539,
        "paired_endpoint_observed": 250.0,
        "result_entered_after_icu_admission": 69.0
      }
    ]
  },
  {
    "dataset": "mimic",
    "passes_minimal_feasibility": false,
    "groups": [
      {
        "exposed": 0,
        "eligible": 3313,
        "pre_icu_hemoglobin": 774,
        "paired_endpoint_observed": 80.0,
        "result_entered_after_icu_admission": 60.0
      },
      {
        "exposed": 1,
        "eligible": 1398,
        "pre_icu_hemoglobin": 339,
        "paired_endpoint_observed": 53.0,
        "result_entered_after_icu_admission": 29.0
      }
    ]
  }
]
hemoglobin susceptibility feasibility complete

Locally executed selected notebook cells: /Users/admin/Library/CloudStorage/GoogleDrive-2arnavmana@gmail.com/My Drive/Projects/PhysioGraph/PhysioGraph_Biological_Discovery.ipynb
