Executing notebook cell 13

Executing notebook cell 14
production cohort reconstruction running
Resumed committed eICU cohort from the preceding local attempt: 12028
dataset  before_exclusion  eligible  people  known_hospital_outcomes
   eicu             12028     12028   10647                    11910
  mimic             17892     17776   13478                    17776

Executing notebook cell 15
Timeout (0:03:00)!
Thread 0x00007ff84598f180 (most recent call first):
  File "PhysioGraph_Biological_Discovery.ipynb:cell15", line 4 in <module>
  File "/Users/admin/Library/CloudStorage/GoogleDrive-2arnavmana@gmail.com/My Drive/Projects/PhysioGraph/scripts/build_biological_notebook.py", line 635 in main
  File "/Users/admin/Library/CloudStorage/GoogleDrive-2arnavmana@gmail.com/My Drive/Projects/PhysioGraph/scripts/build_biological_notebook.py", line 649 in <module>
Timeout (0:03:00)!
Thread 0x00007ff84598f180 (most recent call first):
  File "PhysioGraph_Biological_Discovery.ipynb:cell15", line 4 in <module>
  File "/Users/admin/Library/CloudStorage/GoogleDrive-2arnavmana@gmail.com/My Drive/Projects/PhysioGraph/scripts/build_biological_notebook.py", line 635 in main
  File "/Users/admin/Library/CloudStorage/GoogleDrive-2arnavmana@gmail.com/My Drive/Projects/PhysioGraph/scripts/build_biological_notebook.py", line 649 in <module>
Timeout (0:03:00)!
Thread 0x00007ff84598f180 (most recent call first):
  File "PhysioGraph_Biological_Discovery.ipynb:cell15", line 18 in <module>
  File "/Users/admin/Library/CloudStorage/GoogleDrive-2arnavmana@gmail.com/My Drive/Projects/PhysioGraph/scripts/build_biological_notebook.py", line 635 in main
  File "/Users/admin/Library/CloudStorage/GoogleDrive-2arnavmana@gmail.com/My Drive/Projects/PhysioGraph/scripts/build_biological_notebook.py", line 649 in <module>
Timeout (0:03:00)!
Thread 0x00007ff84598f180 (most recent call first):
  File "PhysioGraph_Biological_Discovery.ipynb:cell15", line 18 in <module>
  File "/Users/admin/Library/CloudStorage/GoogleDrive-2arnavmana@gmail.com/My Drive/Projects/PhysioGraph/scripts/build_biological_notebook.py", line 635 in main
  File "/Users/admin/Library/CloudStorage/GoogleDrive-2arnavmana@gmail.com/My Drive/Projects/PhysioGraph/scripts/build_biological_notebook.py", line 649 in <module>
Timeout (0:03:00)!
Thread 0x00007ff84598f180 (most recent call first):
  File "PhysioGraph_Biological_Discovery.ipynb:cell15", line 18 in <module>
  File "/Users/admin/Library/CloudStorage/GoogleDrive-2arnavmana@gmail.com/My Drive/Projects/PhysioGraph/scripts/build_biological_notebook.py", line 635 in main
  File "/Users/admin/Library/CloudStorage/GoogleDrive-2arnavmana@gmail.com/My Drive/Projects/PhysioGraph/scripts/build_biological_notebook.py", line 649 in <module>
Timeout (0:03:00)!
Thread 0x00007ff84598f180 (most recent call first):
  File "PhysioGraph_Biological_Discovery.ipynb:cell15", line 18 in <module>
  File "/Users/admin/Library/CloudStorage/GoogleDrive-2arnavmana@gmail.com/My Drive/Projects/PhysioGraph/scripts/build_biological_notebook.py", line 635 in main
  File "/Users/admin/Library/CloudStorage/GoogleDrive-2arnavmana@gmail.com/My Drive/Projects/PhysioGraph/scripts/build_biological_notebook.py", line 649 in <module>
Timeout (0:03:00)!
Thread 0x00007ff84598f180 (most recent call first):
  File "PhysioGraph_Biological_Discovery.ipynb:cell15", line 18 in <module>
  File "/Users/admin/Library/CloudStorage/GoogleDrive-2arnavmana@gmail.com/My Drive/Projects/PhysioGraph/scripts/build_biological_notebook.py", line 635 in main
  File "/Users/admin/Library/CloudStorage/GoogleDrive-2arnavmana@gmail.com/My Drive/Projects/PhysioGraph/scripts/build_biological_notebook.py", line 649 in <module>
Timeout (0:03:00)!
Thread 0x00007ff84598f180 (most recent call first):
  File "PhysioGraph_Biological_Discovery.ipynb:cell15", line 18 in <module>
  File "/Users/admin/Library/CloudStorage/GoogleDrive-2arnavmana@gmail.com/My Drive/Projects/PhysioGraph/scripts/build_biological_notebook.py", line 635 in main
  File "/Users/admin/Library/CloudStorage/GoogleDrive-2arnavmana@gmail.com/My Drive/Projects/PhysioGraph/scripts/build_biological_notebook.py", line 649 in <module>
Timeout (0:03:00)!
Thread 0x00007ff84598f180 (most recent call first):
  File "/Users/admin/.cache/uv/archive-v0/KCrHkZdDZs6RHIkk/lib/python3.12/site-packages/pandas/core/generic.py", line 6296 in __getattr__
  File "PhysioGraph_Biological_Discovery.ipynb:cell15", line 61 in <module>
  File "/Users/admin/Library/CloudStorage/GoogleDrive-2arnavmana@gmail.com/My Drive/Projects/PhysioGraph/scripts/build_biological_notebook.py", line 635 in main
  File "/Users/admin/Library/CloudStorage/GoogleDrive-2arnavmana@gmail.com/My Drive/Projects/PhysioGraph/scripts/build_biological_notebook.py", line 649 in <module>
Timeout (0:03:00)!
Thread 0x00007ff84598f180 (most recent call first):
  File "/Users/admin/.cache/uv/archive-v0/KCrHkZdDZs6RHIkk/lib/python3.12/site-packages/pandas/core/construction.py", line ??? in sanitize_array
  File eICU raw vital scan running
MIMIC raw vital scan running
joint SpO2 and MAP feature construction running
dataset  cohort  spo2_observed  spo2_dynamics  jointly_observed  synchronous  simultaneous_drop  simultaneous_rise
   eicu   12028          11731          11454              1029           76                 36                 43
  mimic   17776          17192           4738              2877          228                132                110
cohort and joint-feature feasibility complete

Executing notebook cell 16
eICU myocardial-injury and baseline lab extraction running
MIMIC myocardial-injury and baseline lab extraction running
dataset     endpoint  cohort  baseline_positive_assay_people  paired  classifiable  events
   eicu troponin_12h   12028                            3458    2539          2405     605
   eicu troponin_24h   12028                            3458    2648          2215     668
  mimic troponin_12h   17776                            4488    2858          2781     674
  mimic troponin_24h   17776                            4488    3033          2624     804
raw source fingerprint verification running
SpO2-context features and endpoints extracted complete
Feasibility outputs only: no new feature-outcome association or biological discovery claimed.

Locally executed all notebook cells: /Users/admin/Library/CloudStorage/GoogleDrive-2arnavmana@gmail.com/My Drive/Projects/PhysioGraph/PhysioGraph_Biological_Discovery.ipynb
